Resolved 130 packages in 60ms
Checked 81 packages in 743ms
2026-04-23 00:53:20,080 - rustbpe - [32m[1mINFO[0m - Processing sequences from iterator (buffer_size: 8192)
2026-04-23 00:55:31,000 - rustbpe - [32m[1mINFO[0m - Processed 758523 sequences total, 2098273 unique
2026-04-23 00:55:31,144 - rustbpe - [32m[1mINFO[0m - Starting BPE training: 32503 merges to compute
2026-04-23 00:55:31,145 - rustbpe - [32m[1mINFO[0m - Computing initial pair counts from 2098273 unique sequences
2026-04-23 00:55:37,421 - rustbpe - [32m[1mINFO[0m - Building heap with 19260 unique pairs
2026-04-23 00:55:37,424 - rustbpe - [32m[1mINFO[0m - Starting merge loop
2026-04-23 00:55:39,762 - rustbpe - [32m[1mINFO[0m - Progress: [1m1%[0m (326/32503 merges) - Last merge: (277, 115) -> 581 (frequency: 613290)
2026-04-23 00:55:40,137 - rustbpe - [32m[1mINFO[0m - Progress: [1m2%[0m (651/32503 merges) - Last merge: (316, 291) -> 906 (frequency: 250642)
2026-04-23 00:55:40,364 - rustbpe - [32m[1mINFO[0m - Progress: [1m3%[0m (976/32503 merges) - Last merge: (119, 624) -> 1231 (frequency: 156115)
2026-04-23 00:55:40,534 - rustbpe - [32m[1mINFO[0m - Progress: [1m4%[0m (1301/32503 merges) - Last merge: (346, 280) -> 1556 (frequency: 110039)
2026-04-23 00:55:40,664 - rustbpe - [32m[1mINFO[0m - Progress: [1m5%[0m (1626/32503 merges) - Last merge: (300, 388) -> 1881 (frequency: 84284)
2026-04-23 00:55:40,776 - rustbpe - [32m[1mINFO[0m - Progress: [1m6%[0m (1951/32503 merges) - Last merge: (1144, 386) -> 2206 (frequency: 67727)
2026-04-23 00:55:40,870 - rustbpe - [32m[1mINFO[0m - Progress: [1m7%[0m (2276/32503 merges) - Last merge: (837, 2269) -> 2531 (frequency: 55610)
2026-04-23 00:55:40,951 - rustbpe - [32m[1mINFO[0m - Progress: [1m8%[0m (2601/32503 merges) - Last merge: (644, 600) -> 2856 (frequency: 47028)
2026-04-23 00:55:41,065 - rustbpe - [32m[1mINFO[0m - Progress: [1m9%[0m (2926/32503 merges) - Last merge: (98, 322) -> 3181 (frequency: 39894)
2026-04-23 00:55:41,148 - rustbpe - [32m[1mINFO[0m - Progress: [1m10%[0m (3251/32503 merges) - Last merge: (3041, 320) -> 3506 (frequency: 34126)
2026-04-23 00:55:41,225 - rustbpe - [32m[1mINFO[0m - Progress: [1m11%[0m (3576/32503 merges) - Last merge: (257, 384) -> 3831 (frequency: 30077)
2026-04-23 00:55:41,278 - rustbpe - [32m[1mINFO[0m - Progress: [1m12%[0m (3901/32503 merges) - Last merge: (1833, 735) -> 4156 (frequency: 26416)
2026-04-23 00:55:41,347 - rustbpe - [32m[1mINFO[0m - Progress: [1m13%[0m (4226/32503 merges) - Last merge: (968, 3473) -> 4481 (frequency: 23775)
2026-04-23 00:55:41,416 - rustbpe - [32m[1mINFO[0m - Progress: [1m14%[0m (4551/32503 merges) - Last merge: (289, 438) -> 4806 (frequency: 21338)
2026-04-23 00:55:41,458 - rustbpe - [32m[1mINFO[0m - Progress: [1m15%[0m (4876/32503 merges) - Last merge: (409, 2725) -> 5131 (frequency: 19344)
2026-04-23 00:55:41,508 - rustbpe - [32m[1mINFO[0m - Progress: [1m16%[0m (5201/32503 merges) - Last merge: (266, 3869) -> 5456 (frequency: 17654)
2026-04-23 00:55:41,554 - rustbpe - [32m[1mINFO[0m - Progress: [1m17%[0m (5526/32503 merges) - Last merge: (345, 1139) -> 5781 (frequency: 16294)
2026-04-23 00:55:41,596 - rustbpe - [32m[1mINFO[0m - Progress: [1m18%[0m (5851/32503 merges) - Last merge: (1397, 726) -> 6106 (frequency: 14993)
2026-04-23 00:55:41,628 - rustbpe - [32m[1mINFO[0m - Progress: [1m19%[0m (6176/32503 merges) - Last merge: (356, 115) -> 6431 (frequency: 13908)
2026-04-23 00:55:41,691 - rustbpe - [32m[1mINFO[0m - Progress: [1m20%[0m (6501/32503 merges) - Last merge: (3589, 358) -> 6756 (frequency: 12876)
2026-04-23 00:55:41,739 - rustbpe - [32m[1mINFO[0m - Progress: [1m21%[0m (6826/32503 merges) - Last merge: (1829, 116) -> 7081 (frequency: 11963)
2026-04-23 00:55:41,765 - rustbpe - [32m[1mINFO[0m - Progress: [1m22%[0m (7151/32503 merges) - Last merge: (3198, 388) -> 7406 (frequency: 11153)
2026-04-23 00:55:41,808 - rustbpe - [32m[1mINFO[0m - Progress: [1m23%[0m (7476/32503 merges) - Last merge: (83, 109) -> 7731 (frequency: 10513)
2026-04-23 00:55:41,851 - rustbpe - [32m[1mINFO[0m - Progress: [1m24%[0m (7801/32503 merges) - Last merge: (1523, 274) -> 8056 (frequency: 9859)
2026-04-23 00:55:41,880 - rustbpe - [32m[1mINFO[0m - Progress: [1m25%[0m (8126/32503 merges) - Last merge: (276, 779) -> 8381 (frequency: 9284)
2026-04-23 00:55:41,922 - rustbpe - [32m[1mINFO[0m - Progress: [1m26%[0m (8451/32503 merges) - Last merge: (264, 258) -> 8706 (frequency: 8800)
2026-04-23 00:55:41,955 - rustbpe - [32m[1mINFO[0m - Progress: [1m27%[0m (8776/32503 merges) - Last merge: (446, 485) -> 9031 (frequency: 8291)
2026-04-23 00:55:41,984 - rustbpe - [32m[1mINFO[0m - Progress: [1m28%[0m (9101/32503 merges) - Last merge: (311, 5303) -> 9356 (frequency: 7846)
2026-04-23 00:55:42,022 - rustbpe - [32m[1mINFO[0m - Progress: [1m29%[0m (9426/32503 merges) - Last merge: (3938, 5300) -> 9681 (frequency: 7442)
2026-04-23 00:55:42,048 - rustbpe - [32m[1mINFO[0m - Progress: [1m30%[0m (9751/32503 merges) - Last merge: (403, 378) -> 10006 (frequency: 7105)
2026-04-23 00:55:42,068 - rustbpe - [32m[1mINFO[0m - Progress: [1m31%[0m (10076/32503 merges) - Last merge: (1632, 432) -> 10331 (frequency: 6733)
2026-04-23 00:55:42,110 - rustbpe - [32m[1mINFO[0m - Progress: [1m32%[0m (10401/32503 merges) - Last merge: (463, 112) -> 10656 (frequency: 6411)
2026-04-23 00:55:42,137 - rustbpe - [32m[1mINFO[0m - Progress: [1m33%[0m (10726/32503 merges) - Last merge: (2885, 1642) -> 10981 (frequency: 6107)
2026-04-23 00:55:42,167 - rustbpe - [32m[1mINFO[0m - Progress: [1m34%[0m (11052/32503 merges) - Last merge: (7338, 659) -> 11307 (frequency: 5823)
2026-04-23 00:55:42,195 - rustbpe - [32m[1mINFO[0m - Progress: [1m35%[0m (11377/32503 merges) - Last merge: (366, 466) -> 11632 (frequency: 5557)
2026-04-23 00:55:42,220 - rustbpe - [32m[1mINFO[0m - Progress: [1m36%[0m (11702/32503 merges) - Last merge: (6414, 3329) -> 11957 (frequency: 5302)
2026-04-23 00:55:42,242 - rustbpe - [32m[1mINFO[0m - Progress: [1m37%[0m (12027/32503 merges) - Last merge: (317, 2969) -> 12282 (frequency: 5078)
2026-04-23 00:55:42,266 - rustbpe - [32m[1mINFO[0m - Progress: [1m38%[0m (12352/32503 merges) - Last merge: (329, 98) -> 12607 (frequency: 4876)
2026-04-23 00:55:42,284 - rustbpe - [32m[1mINFO[0m - Progress: [1m39%[0m (12677/32503 merges) - Last merge: (296, 2198) -> 12932 (frequency: 4667)
2026-04-23 00:55:42,326 - rustbpe - [32m[1mINFO[0m - Progress: [1m40%[0m (13002/32503 merges) - Last merge: (1033, 10279) -> 13257 (frequency: 4466)
2026-04-23 00:55:42,351 - rustbpe - [32m[1mINFO[0m - Progress: [1m41%[0m (13327/32503 merges) - Last merge: (6205, 481) -> 13582 (frequency: 4293)
2026-04-23 00:55:42,369 - rustbpe - [32m[1mINFO[0m - Progress: [1m42%[0m (13652/32503 merges) - Last merge: (6098, 280) -> 13907 (frequency: 4134)
2026-04-23 00:55:42,389 - rustbpe - [32m[1mINFO[0m - Progress: [1m43%[0m (13977/32503 merges) - Last merge: (404, 836) -> 14232 (frequency: 3983)
2026-04-23 00:55:42,409 - rustbpe - [32m[1mINFO[0m - Progress: [1m44%[0m (14302/32503 merges) - Last merge: (264, 3056) -> 14557 (frequency: 3831)
2026-04-23 00:55:42,436 - rustbpe - [32m[1mINFO[0m - Progress: [1m45%[0m (14627/32503 merges) - Last merge: (8335, 115) -> 14882 (frequency: 3688)
2026-04-23 00:55:42,465 - rustbpe - [32m[1mINFO[0m - Progress: [1m46%[0m (14952/32503 merges) - Last merge: (273, 5886) -> 15207 (frequency: 3557)
2026-04-23 00:55:42,480 - rustbpe - [32m[1mINFO[0m - Progress: [1m47%[0m (15277/32503 merges) - Last merge: (5397, 581) -> 15532 (frequency: 3427)
2026-04-23 00:55:42,496 - rustbpe - [32m[1mINFO[0m - Progress: [1m48%[0m (15602/32503 merges) - Last merge: (3539, 1400) -> 15857 (frequency: 3307)
2026-04-23 00:55:42,514 - rustbpe - [32m[1mINFO[0m - Progress: [1m49%[0m (15927/32503 merges) - Last merge: (954, 258) -> 16182 (frequency: 3191)
2026-04-23 00:55:42,532 - rustbpe - [32m[1mINFO[0m - Progress: [1m50%[0m (16252/32503 merges) - Last merge: (282, 1124) -> 16507 (frequency: 3088)
2026-04-23 00:55:42,549 - rustbpe - [32m[1mINFO[0m - Progress: [1m51%[0m (16577/32503 merges) - Last merge: (1790, 11915) -> 16832 (frequency: 2986)
2026-04-23 00:55:42,569 - rustbpe - [32m[1mINFO[0m - Progress: [1m52%[0m (16902/32503 merges) - Last merge: (3608, 3279) -> 17157 (frequency: 2894)
2026-04-23 00:55:42,586 - rustbpe - [32m[1mINFO[0m - Progress: [1m53%[0m (17227/32503 merges) - Last merge: (404, 8211) -> 17482 (frequency: 2807)
2026-04-23 00:55:42,607 - rustbpe - [32m[1mINFO[0m - Progress: [1m54%[0m (17552/32503 merges) - Last merge: (447, 8844) -> 17807 (frequency: 2732)
2026-04-23 00:55:42,623 - rustbpe - [32m[1mINFO[0m - Progress: [1m55%[0m (17877/32503 merges) - Last merge: (2016, 1223) -> 18132 (frequency: 2655)
2026-04-23 00:55:42,637 - rustbpe - [32m[1mINFO[0m - Progress: [1m56%[0m (18202/32503 merges) - Last merge: (461, 268) -> 18457 (frequency: 2573)
2026-04-23 00:55:42,650 - rustbpe - [32m[1mINFO[0m - Progress: [1m57%[0m (18527/32503 merges) - Last merge: (265, 274) -> 18782 (frequency: 2499)
2026-04-23 00:55:42,663 - rustbpe - [32m[1mINFO[0m - Progress: [1m58%[0m (18852/32503 merges) - Last merge: (431, 4264) -> 19107 (frequency: 2431)
2026-04-23 00:55:42,688 - rustbpe - [32m[1mINFO[0m - Progress: [1m59%[0m (19177/32503 merges) - Last merge: (860, 434) -> 19432 (frequency: 2363)
2026-04-23 00:55:42,701 - rustbpe - [32m[1mINFO[0m - Progress: [1m60%[0m (19502/32503 merges) - Last merge: (489, 1629) -> 19757 (frequency: 2293)
2026-04-23 00:55:42,720 - rustbpe - [32m[1mINFO[0m - Progress: [1m61%[0m (19827/32503 merges) - Last merge: (316, 111) -> 20082 (frequency: 2234)
2026-04-23 00:55:42,735 - rustbpe - [32m[1mINFO[0m - Progress: [1m62%[0m (20152/32503 merges) - Last merge: (373, 17797) -> 20407 (frequency: 2174)
2026-04-23 00:55:42,749 - rustbpe - [32m[1mINFO[0m - Progress: [1m63%[0m (20477/32503 merges) - Last merge: (6072, 1429) -> 20732 (frequency: 2121)
2026-04-23 00:55:42,767 - rustbpe - [32m[1mINFO[0m - Progress: [1m64%[0m (20802/32503 merges) - Last merge: (5829, 1269) -> 21057 (frequency: 2065)
2026-04-23 00:55:42,780 - rustbpe - [32m[1mINFO[0m - Progress: [1m65%[0m (21127/32503 merges) - Last merge: (3781, 4610) -> 21382 (frequency: 2011)
2026-04-23 00:55:42,797 - rustbpe - [32m[1mINFO[0m - Progress: [1m66%[0m (21452/32503 merges) - Last merge: (1520, 8522) -> 21707 (frequency: 1958)
2026-04-23 00:55:42,819 - rustbpe - [32m[1mINFO[0m - Progress: [1m67%[0m (21778/32503 merges) - Last merge: (468, 2578) -> 22033 (frequency: 1905)
2026-04-23 00:55:42,832 - rustbpe - [32m[1mINFO[0m - Progress: [1m68%[0m (22103/32503 merges) - Last merge: (738, 9526) -> 22358 (frequency: 1858)
2026-04-23 00:55:42,857 - rustbpe - [32m[1mINFO[0m - Progress: [1m69%[0m (22428/32503 merges) - Last merge: (12489, 6674) -> 22683 (frequency: 1813)
2026-04-23 00:55:42,870 - rustbpe - [32m[1mINFO[0m - Progress: [1m70%[0m (22753/32503 merges) - Last merge: (270, 12737) -> 23008 (frequency: 1768)
2026-04-23 00:55:42,880 - rustbpe - [32m[1mINFO[0m - Progress: [1m71%[0m (23078/32503 merges) - Last merge: (440, 6764) -> 23333 (frequency: 1724)
2026-04-23 00:55:42,894 - rustbpe - [32m[1mINFO[0m - Progress: [1m72%[0m (23403/32503 merges) - Last merge: (1942, 99) -> 23658 (frequency: 1683)
2026-04-23 00:55:42,907 - rustbpe - [32m[1mINFO[0m - Progress: [1m73%[0m (23728/32503 merges) - Last merge: (5931, 263) -> 23983 (frequency: 1645)
2026-04-23 00:55:42,918 - rustbpe - [32m[1mINFO[0m - Progress: [1m74%[0m (24053/32503 merges) - Last merge: (287, 508) -> 24308 (frequency: 1605)
2026-04-23 00:55:42,928 - rustbpe - [32m[1mINFO[0m - Progress: [1m75%[0m (24378/32503 merges) - Last merge: (2745, 833) -> 24633 (frequency: 1570)
2026-04-23 00:55:42,944 - rustbpe - [32m[1mINFO[0m - Progress: [1m76%[0m (24703/32503 merges) - Last merge: (319, 2622) -> 24958 (frequency: 1532)
2026-04-23 00:55:42,956 - rustbpe - [32m[1mINFO[0m - Progress: [1m77%[0m (25028/32503 merges) - Last merge: (5001, 14668) -> 25283 (frequency: 1498)
2026-04-23 00:55:42,968 - rustbpe - [32m[1mINFO[0m - Progress: [1m78%[0m (25353/32503 merges) - Last merge: (431, 6784) -> 25608 (frequency: 1464)
2026-04-23 00:55:42,979 - rustbpe - [32m[1mINFO[0m - Progress: [1m79%[0m (25678/32503 merges) - Last merge: (3395, 24564) -> 25933 (frequency: 1434)
2026-04-23 00:55:42,988 - rustbpe - [32m[1mINFO[0m - Progress: [1m80%[0m (26003/32503 merges) - Last merge: (6605, 70) -> 26258 (frequency: 1404)
2026-04-23 00:55:43,001 - rustbpe - [32m[1mINFO[0m - Progress: [1m81%[0m (26328/32503 merges) - Last merge: (87, 1206) -> 26583 (frequency: 1374)
2026-04-23 00:55:43,012 - rustbpe - [32m[1mINFO[0m - Progress: [1m82%[0m (26653/32503 merges) - Last merge: (2409, 350) -> 26908 (frequency: 1345)
2026-04-23 00:55:43,022 - rustbpe - [32m[1mINFO[0m - Progress: [1m83%[0m (26978/32503 merges) - Last merge: (1053, 471) -> 27233 (frequency: 1315)
2026-04-23 00:55:43,037 - rustbpe - [32m[1mINFO[0m - Progress: [1m84%[0m (27303/32503 merges) - Last merge: (1817, 263) -> 27558 (frequency: 1287)
2026-04-23 00:55:43,048 - rustbpe - [32m[1mINFO[0m - Progress: [1m85%[0m (27628/32503 merges) - Last merge: (18797, 810) -> 27883 (frequency: 1261)
2026-04-23 00:55:43,056 - rustbpe - [32m[1mINFO[0m - Progress: [1m86%[0m (27953/32503 merges) - Last merge: (3527, 6961) -> 28208 (frequency: 1235)
2026-04-23 00:55:43,074 - rustbpe - [32m[1mINFO[0m - Progress: [1m87%[0m (28278/32503 merges) - Last merge: (296, 335) -> 28533 (frequency: 1209)
2026-04-23 00:55:43,083 - rustbpe - [32m[1mINFO[0m - Progress: [1m88%[0m (28603/32503 merges) - Last merge: (121, 10596) -> 28858 (frequency: 1183)
2026-04-23 00:55:43,093 - rustbpe - [32m[1mINFO[0m - Progress: [1m89%[0m (28928/32503 merges) - Last merge: (20347, 1521) -> 29183 (frequency: 1157)
2026-04-23 00:55:43,102 - rustbpe - [32m[1mINFO[0m - Progress: [1m90%[0m (29253/32503 merges) - Last merge: (899, 4515) -> 29508 (frequency: 1133)
2026-04-23 00:55:43,113 - rustbpe - [32m[1mINFO[0m - Progress: [1m91%[0m (29578/32503 merges) - Last merge: (16090, 97) -> 29833 (frequency: 1114)
2026-04-23 00:55:43,121 - rustbpe - [32m[1mINFO[0m - Progress: [1m92%[0m (29903/32503 merges) - Last merge: (6697, 277) -> 30158 (frequency: 1092)
2026-04-23 00:55:43,130 - rustbpe - [32m[1mINFO[0m - Progress: [1m93%[0m (30228/32503 merges) - Last merge: (23443, 4199) -> 30483 (frequency: 1073)
2026-04-23 00:55:43,142 - rustbpe - [32m[1mINFO[0m - Progress: [1m94%[0m (30553/32503 merges) - Last merge: (6650, 2154) -> 30808 (frequency: 1052)
2026-04-23 00:55:43,156 - rustbpe - [32m[1mINFO[0m - Progress: [1m95%[0m (30878/32503 merges) - Last merge: (1689, 111) -> 31133 (frequency: 1031)
2026-04-23 00:55:43,163 - rustbpe - [32m[1mINFO[0m - Progress: [1m96%[0m (31203/32503 merges) - Last merge: (1666, 284) -> 31458 (frequency: 1011)
2026-04-23 00:55:43,172 - rustbpe - [32m[1mINFO[0m - Progress: [1m97%[0m (31528/32503 merges) - Last merge: (807, 1568) -> 31783 (frequency: 992)
2026-04-23 00:55:43,184 - rustbpe - [32m[1mINFO[0m - Progress: [1m98%[0m (31853/32503 merges) - Last merge: (348, 5350) -> 32108 (frequency: 976)
2026-04-23 00:55:43,192 - rustbpe - [32m[1mINFO[0m - Progress: [1m99%[0m (32178/32503 merges) - Last merge: (725, 29355) -> 32433 (frequency: 959)
2026-04-23 00:55:43,199 - rustbpe - [32m[1mINFO[0m - Progress: [1m100%[0m (32503/32503 merges) - Last merge: (3896, 542) -> 32758 (frequency: 942)
2026-04-23 00:55:43,199 - rustbpe - [32m[1mINFO[0m - Finished training: 32503 merges completed
